// Vitest Snapshot v1

exports[`Todo test > todo snapshot 1`] = `
{
  "asFragment": [Function],
  "baseElement": <body>
    <div>
      <main
        class="sc-bcXHqe kRHNFb"
      >
        <h1>
          todos
        </h1>
        <div
          class="sc-gswNZR gfYYrO"
        >
          <form
            class="sc-dkrFOg isoTNN"
          >
            <input
              alt=""
              src="/src/assets/arrow-down.svg"
              type="image"
            />
            <input
              placeholder="What needs to be done?"
              type="text"
            />
          </form>
          <div>
            <div
              class="sc-hLBbgP fsfPHN"
            >
              <input
                alt=""
                src="/src/assets/marker.svg"
                type="image"
              />
              <span>
                Тестовое задание
              </span>
            </div>
            <div
              class="sc-hLBbgP gHtJIq"
            >
              <input
                alt=""
                src="/src/assets/marker-done.svg"
                type="image"
              />
              <span>
                Прекрасный код
              </span>
            </div>
            <div
              class="sc-hLBbgP fsfPHN"
            >
              <input
                alt=""
                src="/src/assets/marker.svg"
                type="image"
              />
              <span>
                Покрытие тестами
              </span>
            </div>
          </div>
          <div
            class="sc-eDvSVe kziEai"
          >
            <p>
              2 items left
            </p>
            <div
              class="todoTypes"
            >
              <button
                class="active"
              >
                All
              </button>
              <button>
                Active
              </button>
              <button>
                Completed
              </button>
            </div>
            <button>
              Clear completed
            </button>
          </div>
        </div>
      </main>
    </div>
  </body>,
  "container": <div>
    <main
      class="sc-bcXHqe kRHNFb"
    >
      <h1>
        todos
      </h1>
      <div
        class="sc-gswNZR gfYYrO"
      >
        <form
          class="sc-dkrFOg isoTNN"
        >
          <input
            alt=""
            src="/src/assets/arrow-down.svg"
            type="image"
          />
          <input
            placeholder="What needs to be done?"
            type="text"
          />
        </form>
        <div>
          <div
            class="sc-hLBbgP fsfPHN"
          >
            <input
              alt=""
              src="/src/assets/marker.svg"
              type="image"
            />
            <span>
              Тестовое задание
            </span>
          </div>
          <div
            class="sc-hLBbgP gHtJIq"
          >
            <input
              alt=""
              src="/src/assets/marker-done.svg"
              type="image"
            />
            <span>
              Прекрасный код
            </span>
          </div>
          <div
            class="sc-hLBbgP fsfPHN"
          >
            <input
              alt=""
              src="/src/assets/marker.svg"
              type="image"
            />
            <span>
              Покрытие тестами
            </span>
          </div>
        </div>
        <div
          class="sc-eDvSVe kziEai"
        >
          <p>
            2 items left
          </p>
          <div
            class="todoTypes"
          >
            <button
              class="active"
            >
              All
            </button>
            <button>
              Active
            </button>
            <button>
              Completed
            </button>
          </div>
          <button>
            Clear completed
          </button>
        </div>
      </div>
    </main>
  </div>,
  "debug": [Function],
  "findAllByAltText": [Function],
  "findAllByDisplayValue": [Function],
  "findAllByLabelText": [Function],
  "findAllByPlaceholderText": [Function],
  "findAllByRole": [Function],
  "findAllByTestId": [Function],
  "findAllByText": [Function],
  "findAllByTitle": [Function],
  "findByAltText": [Function],
  "findByDisplayValue": [Function],
  "findByLabelText": [Function],
  "findByPlaceholderText": [Function],
  "findByRole": [Function],
  "findByTestId": [Function],
  "findByText": [Function],
  "findByTitle": [Function],
  "getAllByAltText": [Function],
  "getAllByDisplayValue": [Function],
  "getAllByLabelText": [Function],
  "getAllByPlaceholderText": [Function],
  "getAllByRole": [Function],
  "getAllByTestId": [Function],
  "getAllByText": [Function],
  "getAllByTitle": [Function],
  "getByAltText": [Function],
  "getByDisplayValue": [Function],
  "getByLabelText": [Function],
  "getByPlaceholderText": [Function],
  "getByRole": [Function],
  "getByTestId": [Function],
  "getByText": [Function],
  "getByTitle": [Function],
  "queryAllByAltText": [Function],
  "queryAllByDisplayValue": [Function],
  "queryAllByLabelText": [Function],
  "queryAllByPlaceholderText": [Function],
  "queryAllByRole": [Function],
  "queryAllByTestId": [Function],
  "queryAllByText": [Function],
  "queryAllByTitle": [Function],
  "queryByAltText": [Function],
  "queryByDisplayValue": [Function],
  "queryByLabelText": [Function],
  "queryByPlaceholderText": [Function],
  "queryByRole": [Function],
  "queryByTestId": [Function],
  "queryByText": [Function],
  "queryByTitle": [Function],
  "rerender": [Function],
  "unmount": [Function],
}
`;
